// Jest Snapshot v1, https://goo.gl/fbAQLP

exports[`Checkbox component tests renders a Checkbox component 1`] = `
ShallowWrapper {
  Symbol(enzyme.__root__): [Circular],
  Symbol(enzyme.__unrendered__): <Checkbox
    id="recurs"
    name="recurs"
  />,
  Symbol(enzyme.__renderer__): Object {
    "batchedUpdates": [Function],
    "getNode": [Function],
    "render": [Function],
    "simulateEvent": [Function],
    "unmount": [Function],
  },
  Symbol(enzyme.__node__): Object {
    "instance": null,
    "key": undefined,
    "nodeType": "host",
    "props": Object {
      "children": Array [
        <label
          data-radium={true}
          htmlFor="recurs"
          style={
            Object {
              "display": "inline-block",
              "marginBottom": "10px",
            }
          }
        />,
        <input
          data-radium={true}
          id="recurs"
          name="recurs"
          onChange={[Function]}
          style={
            Object {
              "display": "inline-block",
              "marginBottom": "10px",
              "marginLeft": "5px",
            }
          }
          type="checkbox"
        />,
      ],
      "data-radium": true,
    },
    "ref": null,
    "rendered": Array [
      Object {
        "instance": null,
        "key": ".0",
        "nodeType": "host",
        "props": Object {
          "children": undefined,
          "data-radium": true,
          "htmlFor": "recurs",
          "style": Object {
            "display": "inline-block",
            "marginBottom": "10px",
          },
        },
        "ref": null,
        "rendered": null,
        "type": "label",
      },
      Object {
        "instance": null,
        "key": ".1",
        "nodeType": "host",
        "props": Object {
          "children": undefined,
          "data-radium": true,
          "id": "recurs",
          "name": "recurs",
          "onChange": [Function],
          "style": Object {
            "display": "inline-block",
            "marginBottom": "10px",
            "marginLeft": "5px",
          },
          "type": "checkbox",
        },
        "ref": null,
        "rendered": null,
        "type": "input",
      },
    ],
    "type": "div",
  },
  Symbol(enzyme.__nodes__): Array [
    Object {
      "instance": null,
      "key": undefined,
      "nodeType": "host",
      "props": Object {
        "children": Array [
          <label
            data-radium={true}
            htmlFor="recurs"
            style={
              Object {
                "display": "inline-block",
                "marginBottom": "10px",
              }
            }
          />,
          <input
            data-radium={true}
            id="recurs"
            name="recurs"
            onChange={[Function]}
            style={
              Object {
                "display": "inline-block",
                "marginBottom": "10px",
                "marginLeft": "5px",
              }
            }
            type="checkbox"
          />,
        ],
        "data-radium": true,
      },
      "ref": null,
      "rendered": Array [
        Object {
          "instance": null,
          "key": ".0",
          "nodeType": "host",
          "props": Object {
            "children": undefined,
            "data-radium": true,
            "htmlFor": "recurs",
            "style": Object {
              "display": "inline-block",
              "marginBottom": "10px",
            },
          },
          "ref": null,
          "rendered": null,
          "type": "label",
        },
        Object {
          "instance": null,
          "key": ".1",
          "nodeType": "host",
          "props": Object {
            "children": undefined,
            "data-radium": true,
            "id": "recurs",
            "name": "recurs",
            "onChange": [Function],
            "style": Object {
              "display": "inline-block",
              "marginBottom": "10px",
              "marginLeft": "5px",
            },
            "type": "checkbox",
          },
          "ref": null,
          "rendered": null,
          "type": "input",
        },
      ],
      "type": "div",
    },
  ],
  Symbol(enzyme.__options__): Object {
    "adapter": ReactSixteenAdapter {
      "options": Object {
        "enableComponentDidUpdateOnSetState": true,
        "lifecycles": Object {
          "componentDidUpdate": Object {
            "onSetState": true,
          },
          "getDerivedStateFromProps": true,
          "getSnapshotBeforeUpdate": true,
          "setState": Object {
            "skipsComponentDidUpdateOnNullish": true,
          },
        },
      },
    },
    "attachTo": undefined,
    "hydrateIn": undefined,
  },
}
`;
